
> collabryx@0.1.0 build
> next build

▲ Next.js 16.1.7 (Turbopack)
- Environments: .env.local, .env.production, .env

  Creating an optimized production build ...
